[2026-09-14T11:19:51.108Z] EXPO_PREFER_LAN=1 forcing LAN
[2026-09-14T11:19:51.110Z] setting EXPO_PUBLIC_API_URL=http://10.0.11.206:3000 for LAN mode
[2026-09-14T11:19:51.110Z] spawning: npx expo start --lan env.EXPO_DEBUG=1
[2026-09-14T11:19:51.587Z] ERR: 2026-09-14T11:19:51.585Z expo:telemetry Switching strategy from detached to instant
[2026-09-14T11:19:51.678Z] ERR: 2026-09-14T11:19:51.677Z expo:telemetry Recording 1 event(s)
[2026-09-14T11:19:51.687Z] ERR: 2026-09-14T11:19:51.685Z expo:env Loaded environment variables from: /workspaces/ecosun-mob/.env
2026-09-14T11:19:51.685Z expo:env /workspaces/ecosun-mob/.env.development does not exist, skipping this env file
[2026-09-14T11:19:51.688Z] ERR: 2026-09-14T11:19:51.685Z expo:env /workspaces/ecosun-mob/.env.local does not exist, skipping this env file
[2026-09-14T11:19:51.688Z] ERR: 2026-09-14T11:19:51.688Z expo:env /workspaces/ecosun-mob/.env.development.local does not exist, skipping this env file
[2026-09-14T11:19:51.691Z] ERR: 2026-09-14T11:19:51.691Z expo:env "EXPO_PUBLIC_API_URL" is already defined and IS NOT overwritten
[2026-09-14T11:19:51.769Z] Starting project at /workspaces/ecosun-mob
[2026-09-14T11:19:51.907Z] ERR: 2026-09-14T11:19:51.905Z expo:prebuild-config:expo-splash-screen:ios config: {
  image: './assets/images/splash-icon.png',
  imageWidth: 200,
  resizeMode: 'contain',
  backgroundColor: '#ffffff',
  dark: { backgroundColor: '#ffffff' }
}
[2026-09-14T11:19:51.928Z] Error resolving plugin "expo-image"
[2026-09-14T11:19:51.930Z] Error [ERR_UNSUPPORTED_NODE_MODULES_TYPE_STRIPPING]: Stripping types is currently unsupported for files under node_modules, for "/workspaces/ecosun-mob/node_modules/expo-image/src/index.ts"
    at stripTypeScriptModuleTypes (node:internal/modules/typescript:183:11)
    at Module._compile (node:internal/modules/cjs/loader:1764:15)
    at Object..js (node:internal/modules/cjs/loader:1943:10)
    at Module.load (node:internal/modules/cjs/loader:1533:32)
    at Module._load (node:internal/modules/cjs/loader:1335:12)
    at wrapModuleLoad (node:internal/modules/cjs/loader:255:19)
    at Module.require (node:internal/modules/cjs/loader:1556:12)
    at require (node:internal/modules/helpers:152:16)
    at requirePluginFile (/workspaces/ecosun-mob/node_modules/@expo/config-plugins/build/utils/plugin-resolver.js:216:12)
    at resolveConfigPluginFunctionWithInfo (/workspaces/ecosun-mob/node_modules/@expo/config-plugins/build/utils/plugin-resolver.js:146:14) {
  name: 'PluginError',
  isPluginError: true,
  code: 'INVALID_PLUGIN_IMPORT',
  cause: undefined
}
[2026-09-14T11:19:51.930Z] ERR: PluginError: Unable to resolve a valid config plugin for expo-image.
• No "app.plugin.js" file found in expo-image: config plugins are typically exported from an "app.plugin.js" file in the package root.
• main export of expo-image does not appear to be a config plugin: the following error was thrown when importing /workspaces/ecosun-mob/node_modules/expo-image/src/index.ts: Stripping types is currently unsupported for files under node_modules, for "/workspaces/ecosun-mob/node_modules/expo-image/src/index.ts" ERR_UNSUPPORTED_NODE_MODULES_TYPE_STRIPPING
Verify that expo-image includes a config plugin. If it does not, then remove the entry from plugins in your app config file. Learn more: https://docs.expo.dev/guides/config-plugins/
Error [ERR_UNSUPPORTED_NODE_MODULES_TYPE_STRIPPING]: Stripping types is currently unsupported for files under node_modules, for "/workspaces/ecosun-mob/node_modules/expo-image/src/index.ts"
    at stripTypeScriptModuleTypes (node:internal/modules/typescript:183:11)
    at Module._compile (node:internal/modules/cjs/loader:1764:15)
    at Object..js (node:internal/modules/cjs/loader:1943:10)
    at Module.load (node:internal/modules/cjs/loader:1533:32)
    at Module._load (node:internal/modules/cjs/loader:1335:12)
    at wrapModuleLoad (node:internal/modules/cjs/loader:255:19)
    at Module.require (node:internal/modules/cjs/loader:1556:12)
    at require (node:internal/modules/helpers:152:16)
    at requirePluginFile (/workspaces/ecosun-mob/node_modules/@expo/config-plugins/build/utils/plugin-resolver.js:216:12)
    at resolveConfigPluginFunctionWithInfo (/workspaces/ecosun-mob/node_modules/@expo/config-plugins/build/utils/plugin-resolver.js:146:14)
[2026-09-14T11:19:51.957Z] process exited with code 1
